% P C A
N6000= AZIONAMENTO ASSE X IN ALLARME
N6001= AZIONAMENTO ASSE Z IN BLOCCO
N6002= AZIONAMENTO MAND. IN BLOCCO
N6003= AUTOCENTRANTE FUORI POSIZ.
N6004= TERMICO CENTRALINA IDRAULICA
N6005= TERMICO VENTILATORE MANDRINO
N6006= T NON ESISTENTE
N6007= TIME OUT RICERCA T
N6008= ANOMALIA SELETTORE TORRETTA
N6009= SONDA TERMICA TORRETTA
N6010= PINZA 1 IN ALLARME
N6011= PINZA 2 IN ALLARME
N6012= ANOMALIA POLSO (MICRO?)
N6013= ANOMALIA ELEVATORE (MICRO?)
N6014= RIS
N6015= AZIONAMENTO W IN ALLARME
N6016= MANCANZA ARIA GENERALE
N6017= MANCA PRESSIONE OLIO GENERALE
N6018= MANCA PRESSIONE LUB. GUIDE
N6019= LIVELLO OLIO LUB. GUIDE BASSO
N6020= TERMICO LUB. GUIDE INTERVENUTO
N6021= CONTROPUNTA FUORI POSIZIONE
N6022= RIC. MOV. CNTP. CON MAND. IN ROT.
N6023= ROT. MAND. NON PERMESSA DA POLSO
N6024= SCHERMO SUPERIORE IN ALLARME 
N6025= ANOMALIA ALZA-ABBASSA PALLET
N6026= ANOMALIA ROTAZIONE PALLET
N6027= SCHERMO TORNIO APERTO
N6028= SCHERMO SU LINEA APERTO
N6029= TORRETTA SBLOCCATA
N6030= TORRETTA FUORI POSIZIONE
N6031= SONDA TERMICA MOT. MANDRINO
N7000= FINECORSA ASSE X+
N7001= FINECORSA ASSE X-
N7002= FINECORSA ASSE Z+
N7003= FINECORSA ASSE Z-
N7004= AUTOCENTRANTE IN MOVIMENTO
N7005= PINZA 1 IN MOVIMENTO
N7006= PINZA 2 IN MOVIMENTO
N7007= POLSO PINZE IN MOVIMENTO
N7008= ELEVATORE IN MOVIMENTO
N7009= CONTROPUNTA IN MOVIMENTO
N7010= ALLARME AUTOCENTRANTE ESCLUSO
N7011= ELEVATORE PALLET IN MOVIMENTO
N7012= SCHERMO SUPERIORE IN MOVIMENTO
N7013= ROTAZIONE PALLET IN CORSO
N7014= RICHIESTO STOP A CH1 DA PROG.
N7015= RICHIESTO STOP A CH2 DA PROG. 
N7016= CAMBIO PALLET IN CORSO
N7017= MANCA PALLET IN LAVORO
N7061= HOLD ASSI E MANDRINO
N7062= HOLD ASSI
N7063= MACCHINA UTENSILE SPENTA
M02
